10:20:29 **** Incremental Build of configuration Debug for project LAB1_Exercise_1 ****
make -j16 all 
arm-none-eabi-gcc "../Core/Src/main.c" -mcpu=cortex-m3 -std=gnu11 -g3 -DDEBUG -DUSE_HAL_DRIVER -DSTM32F103x6 -c -I../Core/Inc -I../Drivers/STM32F1xx_HAL_Driver/Inc -I../Drivers/STM32F1xx_HAL_Driver/Inc/Legacy -I../Drivers/CMSIS/Device/ST/STM32F1xx/Include -I../Drivers/CMSIS/Include -O0 -ffunction-sections -fdata-sections -Wall -fstack-usage -MMD -MP -MF"Core/Src/main.d" -MT"Core/Src/main.o" --specs=nano.specs -mfloat-abi=soft -mthumb -o "Core/Src/main.o"
arm-none-eabi-gcc -o "LAB1_Exercise_1.elf" @"objects.list"   -mcpu=cortex-m3 -T"D:\Git\GIT_LAB1\STM32SOURCE\LAB1_Exercise_1\STM32F103C6UX_FLASH.ld" --specs=nosys.specs -Wl,-Map="LAB1_Exercise_1.map" -Wl,--gc-sections -static --specs=nano.specs -mfloat-abi=soft -mthumb -Wl,--start-group -lc -lm -Wl,--end-group
Finished building target: LAB1_Exercise_1.elf
 
arm-none-eabi-size   LAB1_Exercise_1.elf 
arm-none-eabi-objdump -h -S  LAB1_Exercise_1.elf  > "LAB1_Exercise_1.list"
arm-none-eabi-objcopy  -O ihex  LAB1_Exercise_1.elf  "LAB1_Exercise_1.hex"
   text	   data	    bss	    dec	    hex	filename
   4784	     20	   1572	   6376	   18e8	LAB1_Exercise_1.elf
arm-none-eabi-objcopy  -O binary  LAB1_Exercise_1.elf  "LAB1_Exercise_1.bin"
Finished building: default.size.stdout
 
Finished building: LAB1_Exercise_1.hex
Finished building: LAB1_Exercise_1.bin
Finished building: LAB1_Exercise_1.list
 
 
 

10:20:30 Build Finished. 0 errors, 0 warnings. (took 990ms)

